../Core/Src/main.c:101:6:resetLeds	8	static
../Core/Src/main.c:106:7:iir	40	static
../Core/Src/main.c:137:5:main	40	static
../Core/Src/main.c:218:6:SystemClock_Config	120	static
../Core/Src/main.c:279:13:MX_ADC1_Init	48	static
../Core/Src/main.c:346:13:MX_ETH_Init	8	static
../Core/Src/main.c:395:13:MX_TIM3_Init	40	static
../Core/Src/main.c:440:13:MX_USART3_UART_Init	8	static
../Core/Src/main.c:488:13:MX_USB_OTG_FS_PCD_Init	8	static
../Core/Src/main.c:522:13:MX_DMA_Init	16	static
../Core/Src/main.c:540:13:MX_GPIO_Init	56	static
../Core/Src/main.c:613:6:Error_Handler	4	static,ignoring_inline_asm
